<?xml version="1.0" encoding="UTF-8"?>
<testsuites name="jest tests" tests="9" failures="0" time="1.413">
  <testsuite name="When trying to login using GET " errors="0" failures="0" skipped="0" timestamp="2019-11-14T16:35:28" time="1.246" tests="9">
    <testcase classname="When trying to login using GET  The login is rejected" name="When trying to login using GET  The login is rejected" time="0.021">
    </testcase>
    <testcase classname="When trying to login using POST  If no credentials are supplied - The login is rejected" name="When trying to login using POST  If no credentials are supplied - The login is rejected" time="0.014">
    </testcase>
    <testcase classname="When trying to login using POST  If username is not supplied - The login is rejected" name="When trying to login using POST  If username is not supplied - The login is rejected" time="0.003">
    </testcase>
    <testcase classname="When trying to login using POST  If password is not supplied - The login is rejected" name="When trying to login using POST  If password is not supplied - The login is rejected" time="0.007">
    </testcase>
    <testcase classname="When trying to login using POST  If invalid credentials are supplied - The login is rejected" name="When trying to login using POST  If invalid credentials are supplied - The login is rejected" time="0.003">
    </testcase>
    <testcase classname="When trying to login using POST  If a valid user and password are supplied - the login is successful" name="When trying to login using POST  If a valid user and password are supplied - the login is successful" time="0.007">
    </testcase>
    <testcase classname="When trying to logout it is not possible to logout using GET " name="When trying to logout it is not possible to logout using GET " time="0.004">
    </testcase>
    <testcase classname="When trying to logout no credentials are required for the logoff to be successful" name="When trying to logout no credentials are required for the logoff to be successful" time="0.002">
    </testcase>
    <testcase classname="When attempting to receive user details If not logged in the user is not returned" name="When attempting to receive user details If not logged in the user is not returned" time="0.002">
    </testcase>
  </testsuite>
</testsuites>